Archive member included because of file (symbol)

C:\LEMIA\PROJECTS\BRUITEUR_SDP\MCU\CMSISv2p00_LPC11xx\Debug\libCMSISv2p00_LPC11xx.a(system_LPC11xx.o)
                              ./src/cr_startup_lpc11.o (SystemInit)
c:/nxp/lpcxpresso_4.2.2_275/lpcxpresso/tools/bin/../lib/gcc/arm-none-eabi/4.5.1/../../../../arm-none-eabi/lib/armv6-m\libcr_c.a(__weak__main.o)
                              ./src/cr_startup_lpc11.o (__main)
c:/nxp/lpcxpresso_4.2.2_275/lpcxpresso/tools/bin/../lib/gcc/arm-none-eabi/4.5.1/../../../../arm-none-eabi/lib/armv6-m\libcr_c.a(memcpy.o)
                              ./src/MemoryFileSystem.o (memcpy)
c:/nxp/lpcxpresso_4.2.2_275/lpcxpresso/tools/bin/../lib/gcc/arm-none-eabi/4.5.1/armv6-m\libcr_eabihelpers.a(division.o)
                              ./src/main.o (__aeabi_uidiv)
c:/nxp/lpcxpresso_4.2.2_275/lpcxpresso/tools/bin/../lib/gcc/arm-none-eabi/4.5.1/armv6-m\libcr_eabihelpers.a(memcpy.o)
                              c:/nxp/lpcxpresso_4.2.2_275/lpcxpresso/tools/bin/../lib/gcc/arm-none-eabi/4.5.1/../../../../arm-none-eabi/lib/armv6-m\libcr_c.a(memcpy.o) (__aeabi_memcpy)
c:/nxp/lpcxpresso_4.2.2_275/lpcxpresso/tools/bin/../lib/gcc/arm-none-eabi/4.5.1/armv6-m\libcr_eabihelpers.a(thumb1_switch_helpers.o)
                              ./src/uart.o (__gnu_thumb1_case_uqi)

Allocating common symbols
Common symbol       size              file

readBuffer          0x4               ./src/SpiDac.o
audioBufferA        0x800             ./src/SpiDac.o
audioBufferB        0x800             ./src/SpiDac.o
fileEntryParams     0x20              ./src/MemoryFileSystem.o
posX                0x2               ./src/SpiDac.o

Discarded input sections

 .text          0x00000000        0x0 ./src/MemoryFileSystem.o
 .data          0x00000000        0x0 ./src/MemoryFileSystem.o
 .bss           0x00000000        0x0 ./src/MemoryFileSystem.o
 .text.MemoryOpenFile
                0x00000000        0x4 ./src/MemoryFileSystem.o
 .text          0x00000000        0x0 ./src/SPI_W25Qxx.o
 .data          0x00000000        0x0 ./src/SPI_W25Qxx.o
 .bss           0x00000000        0x0 ./src/SPI_W25Qxx.o
 .text.SpiMemoryCsHigh
                0x00000000       0x18 ./src/SPI_W25Qxx.o
 .text.SpiMemoryCsLow
                0x00000000       0x18 ./src/SPI_W25Qxx.o
 .text.W25Q_WriteDisable
                0x00000000       0x16 ./src/SPI_W25Qxx.o
 .text.W25Q_ReadStatusRegisterHigh
                0x00000000       0x20 ./src/SPI_W25Qxx.o
 .text.W25Q_WriteStatusRegisterLow
                0x00000000       0x22 ./src/SPI_W25Qxx.o
 .text.W25Q_WriteStatusRegister
                0x00000000       0x2a ./src/SPI_W25Qxx.o
 .text.W25Q_FastRead
                0x00000000       0x4a ./src/SPI_W25Qxx.o
 .text.W25Q_BlockErase32K
                0x00000000       0x36 ./src/SPI_W25Qxx.o
 .text.W25Q_BlockErase64K
                0x00000000       0x36 ./src/SPI_W25Qxx.o
 .text.W25Q_ChipErase
                0x00000000       0x1e ./src/SPI_W25Qxx.o
 .text.W25Q_ReadDeviceId
                0x00000000       0x32 ./src/SPI_W25Qxx.o
 .text.W25Q_ReadUniqueId
                0x00000000       0x40 ./src/SPI_W25Qxx.o
 .text.W25Q_ReadJEDEDId
                0x00000000       0x36 ./src/SPI_W25Qxx.o
 .text          0x00000000        0x0 ./src/SpiDac.o
 .data          0x00000000        0x0 ./src/SpiDac.o
 .bss           0x00000000        0x0 ./src/SpiDac.o
 .bss.audioIndex
                0x00000000        0x4 ./src/SpiDac.o
 .bss.posY      0x00000000        0x2 ./src/SpiDac.o
 .text          0x00000000        0x0 ./src/cr_startup_lpc11.o
 .data          0x00000000        0x0 ./src/cr_startup_lpc11.o
 .bss           0x00000000        0x0 ./src/cr_startup_lpc11.o
 .text          0x00000000        0x0 ./src/main.o
 .data          0x00000000        0x0 ./src/main.o
 .bss           0x00000000        0x0 ./src/main.o
 .text          0x00000000        0x0 ./src/uart.o
 .data          0x00000000        0x0 ./src/uart.o
 .bss           0x00000000        0x0 ./src/uart.o
 .text.UARTSend
                0x00000000       0x20 ./src/uart.o
 .text.UARTPuts
                0x00000000       0x1c ./src/uart.o
 .text.UARTSendChar
                0x00000000       0x30 ./src/uart.o
 .text.UARTSendHex
                0x00000000       0x94 ./src/uart.o
 .text          0x00000000        0x0 C:\LEMIA\PROJECTS\BRUITEUR_SDP\MCU\CMSISv2p00_LPC11xx\Debug\libCMSISv2p00_LPC11xx.a(system_LPC11xx.o)
 .data          0x00000000        0x0 C:\LEMIA\PROJECTS\BRUITEUR_SDP\MCU\CMSISv2p00_LPC11xx\Debug\libCMSISv2p00_LPC11xx.a(system_LPC11xx.o)
 .bss           0x00000000        0x0 C:\LEMIA\PROJECTS\BRUITEUR_SDP\MCU\CMSISv2p00_LPC11xx\Debug\libCMSISv2p00_LPC11xx.a(system_LPC11xx.o)
 .text.SystemCoreClockUpdate
                0x00000000       0x9c C:\LEMIA\PROJECTS\BRUITEUR_SDP\MCU\CMSISv2p00_LPC11xx\Debug\libCMSISv2p00_LPC11xx.a(system_LPC11xx.o)
 .rodata.CSWTCH.6
                0x00000000       0x40 C:\LEMIA\PROJECTS\BRUITEUR_SDP\MCU\CMSISv2p00_LPC11xx\Debug\libCMSISv2p00_LPC11xx.a(system_LPC11xx.o)
 .text          0x00000000        0x0 c:/nxp/lpcxpresso_4.2.2_275/lpcxpresso/tools/bin/../lib/gcc/arm-none-eabi/4.5.1/../../../../arm-none-eabi/lib/armv6-m\libcr_c.a(__weak__main.o)
 .data          0x00000000        0x0 c:/nxp/lpcxpresso_4.2.2_275/lpcxpresso/tools/bin/../lib/gcc/arm-none-eabi/4.5.1/../../../../arm-none-eabi/lib/armv6-m\libcr_c.a(__weak__main.o)
 .bss           0x00000000        0x0 c:/nxp/lpcxpresso_4.2.2_275/lpcxpresso/tools/bin/../lib/gcc/arm-none-eabi/4.5.1/../../../../arm-none-eabi/lib/armv6-m\libcr_c.a(__weak__main.o)
 .text          0x00000000        0x0 c:/nxp/lpcxpresso_4.2.2_275/lpcxpresso/tools/bin/../lib/gcc/arm-none-eabi/4.5.1/../../../../arm-none-eabi/lib/armv6-m\libcr_c.a(memcpy.o)
 .data          0x00000000        0x0 c:/nxp/lpcxpresso_4.2.2_275/lpcxpresso/tools/bin/../lib/gcc/arm-none-eabi/4.5.1/../../../../arm-none-eabi/lib/armv6-m\libcr_c.a(memcpy.o)
 .bss           0x00000000        0x0 c:/nxp/lpcxpresso_4.2.2_275/lpcxpresso/tools/bin/../lib/gcc/arm-none-eabi/4.5.1/../../../../arm-none-eabi/lib/armv6-m\libcr_c.a(memcpy.o)
 .text          0x00000000        0x0 c:/nxp/lpcxpresso_4.2.2_275/lpcxpresso/tools/bin/../lib/gcc/arm-none-eabi/4.5.1/armv6-m\libcr_eabihelpers.a(division.o)
 .data          0x00000000        0x0 c:/nxp/lpcxpresso_4.2.2_275/lpcxpresso/tools/bin/../lib/gcc/arm-none-eabi/4.5.1/armv6-m\libcr_eabihelpers.a(division.o)
 .bss           0x00000000        0x0 c:/nxp/lpcxpresso_4.2.2_275/lpcxpresso/tools/bin/../lib/gcc/arm-none-eabi/4.5.1/armv6-m\libcr_eabihelpers.a(division.o)
 .text.__aeabi_division_idivmod
                0x00000000        0x6 c:/nxp/lpcxpresso_4.2.2_275/lpcxpresso/tools/bin/../lib/gcc/arm-none-eabi/4.5.1/armv6-m\libcr_eabihelpers.a(division.o)
 .text.__aeabi_division_uldivmod
                0x00000000       0x5a c:/nxp/lpcxpresso_4.2.2_275/lpcxpresso/tools/bin/../lib/gcc/arm-none-eabi/4.5.1/armv6-m\libcr_eabihelpers.a(division.o)
 .text.__aeabi_division_ldivmod
                0x00000000       0x32 c:/nxp/lpcxpresso_4.2.2_275/lpcxpresso/tools/bin/../lib/gcc/arm-none-eabi/4.5.1/armv6-m\libcr_eabihelpers.a(division.o)
 .text.__aeabi_division_ldiv0
                0x00000000        0x2 c:/nxp/lpcxpresso_4.2.2_275/lpcxpresso/tools/bin/../lib/gcc/arm-none-eabi/4.5.1/armv6-m\libcr_eabihelpers.a(division.o)
 .text.__aeabi_division_idivq31+15
                0x00000000      0x188 c:/nxp/lpcxpresso_4.2.2_275/lpcxpresso/tools/bin/../lib/gcc/arm-none-eabi/4.5.1/armv6-m\libcr_eabihelpers.a(division.o)
 .text          0x00000000        0x0 c:/nxp/lpcxpresso_4.2.2_275/lpcxpresso/tools/bin/../lib/gcc/arm-none-eabi/4.5.1/armv6-m\libcr_eabihelpers.a(memcpy.o)
 .data          0x00000000        0x0 c:/nxp/lpcxpresso_4.2.2_275/lpcxpresso/tools/bin/../lib/gcc/arm-none-eabi/4.5.1/armv6-m\libcr_eabihelpers.a(memcpy.o)
 .bss           0x00000000        0x0 c:/nxp/lpcxpresso_4.2.2_275/lpcxpresso/tools/bin/../lib/gcc/arm-none-eabi/4.5.1/armv6-m\libcr_eabihelpers.a(memcpy.o)
 .text.__aeabi_memmove
                0x00000000       0x1c c:/nxp/lpcxpresso_4.2.2_275/lpcxpresso/tools/bin/../lib/gcc/arm-none-eabi/4.5.1/armv6-m\libcr_eabihelpers.a(memcpy.o)
 .text.__aeabi_memset_lowlevel
                0x00000000       0x2a c:/nxp/lpcxpresso_4.2.2_275/lpcxpresso/tools/bin/../lib/gcc/arm-none-eabi/4.5.1/armv6-m\libcr_eabihelpers.a(memcpy.o)
 .text.__aeabi_memclr
                0x00000000        0x6 c:/nxp/lpcxpresso_4.2.2_275/lpcxpresso/tools/bin/../lib/gcc/arm-none-eabi/4.5.1/armv6-m\libcr_eabihelpers.a(memcpy.o)
 .text.__aeabi_memset
                0x00000000        0x8 c:/nxp/lpcxpresso_4.2.2_275/lpcxpresso/tools/bin/../lib/gcc/arm-none-eabi/4.5.1/armv6-m\libcr_eabihelpers.a(memcpy.o)
 .text          0x00000000        0x0 c:/nxp/lpcxpresso_4.2.2_275/lpcxpresso/tools/bin/../lib/gcc/arm-none-eabi/4.5.1/armv6-m\libcr_eabihelpers.a(thumb1_switch_helpers.o)
 .data          0x00000000        0x0 c:/nxp/lpcxpresso_4.2.2_275/lpcxpresso/tools/bin/../lib/gcc/arm-none-eabi/4.5.1/armv6-m\libcr_eabihelpers.a(thumb1_switch_helpers.o)
 .bss           0x00000000        0x0 c:/nxp/lpcxpresso_4.2.2_275/lpcxpresso/tools/bin/../lib/gcc/arm-none-eabi/4.5.1/armv6-m\libcr_eabihelpers.a(thumb1_switch_helpers.o)
 .text.__gnu_thumb1_case_sqi
                0x00000000       0x10 c:/nxp/lpcxpresso_4.2.2_275/lpcxpresso/tools/bin/../lib/gcc/arm-none-eabi/4.5.1/armv6-m\libcr_eabihelpers.a(thumb1_switch_helpers.o)
 .text.__gnu_thumb1_case_shi
                0x00000000       0x10 c:/nxp/lpcxpresso_4.2.2_275/lpcxpresso/tools/bin/../lib/gcc/arm-none-eabi/4.5.1/armv6-m\libcr_eabihelpers.a(thumb1_switch_helpers.o)
 .text.__gnu_thumb1_case_uhi
                0x00000000       0x10 c:/nxp/lpcxpresso_4.2.2_275/lpcxpresso/tools/bin/../lib/gcc/arm-none-eabi/4.5.1/armv6-m\libcr_eabihelpers.a(thumb1_switch_helpers.o)
 .text.__gnu_thumb1_case_si
                0x00000000       0x18 c:/nxp/lpcxpresso_4.2.2_275/lpcxpresso/tools/bin/../lib/gcc/arm-none-eabi/4.5.1/armv6-m\libcr_eabihelpers.a(thumb1_switch_helpers.o)

Memory Configuration

Name             Origin             Length             Attributes
MFlash32         0x00000000         0x00008000         xr
RamLoc8          0x10000000         0x00002000         xrw
*default*        0x00000000         0xffffffff

Linker script and memory map

LOAD ./src/MemoryFileSystem.o
LOAD ./src/SPI_W25Qxx.o
LOAD ./src/SpiDac.o
LOAD ./src/cr_startup_lpc11.o
LOAD ./src/main.o
LOAD ./src/uart.o
LOAD C:\LEMIA\PROJECTS\BRUITEUR_SDP\MCU\CMSISv2p00_LPC11xx\Debug\libCMSISv2p00_LPC11xx.a
START GROUP
LOAD c:/nxp/lpcxpresso_4.2.2_275/lpcxpresso/tools/bin/../lib/gcc/arm-none-eabi/4.5.1/../../../../arm-none-eabi/lib/armv6-m\libcr_c.a
LOAD c:/nxp/lpcxpresso_4.2.2_275/lpcxpresso/tools/bin/../lib/gcc/arm-none-eabi/4.5.1/armv6-m\libcr_eabihelpers.a
END GROUP
                0x00008000                __top_MFlash32 = 0x8000
                0x10002000                __top_RamLoc8 = 0x10002000

.text           0x00000000     0x173c
 FILL mask 0xff
 *(.isr_vector)
 .isr_vector    0x00000000       0xc0 ./src/cr_startup_lpc11.o
                0x00000000                g_pfnVectors
                0x000000c0                . = ALIGN (0x4)
                0x000000c0                __section_table_start = .
                0x000000c0                __data_section_table = .
                0x000000c0        0x4 LONG 0x173c LOADADDR (.data)
                0x000000c4        0x4 LONG 0x10000000 ADDR (.data)
                0x000000c8        0x4 LONG 0x8 SIZEOF (.data)
                0x000000cc                __data_section_table_end = .
                0x000000cc                __bss_section_table = .
                0x000000cc        0x4 LONG 0x10000008 ADDR (.bss)
                0x000000d0        0x4 LONG 0x1088 SIZEOF (.bss)
                0x000000d4                __bss_section_table_end = .
                0x000000d4                __section_table_end = .
 *(.after_vectors*)
 .after_vectors
                0x000000d4       0x7c ./src/cr_startup_lpc11.o
                0x000000d4                NMI_Handler
                0x000000d8                HardFault_Handler
                0x000000dc                SVC_Handler
                0x000000e0                PendSV_Handler
                0x000000e4                SysTick_Handler
                0x000000e8                data_init
                0x000000fa                bss_init
                0x0000010c                ResetISR
                0x0000014c                IntDefaultHandler
                0x0000014c                PIOINT1_IRQHandler
                0x0000014c                CAN_IRQHandler
                0x0000014c                SSP0_IRQHandler
                0x0000014c                TIMER32_0_IRQHandler
                0x0000014c                ADC_IRQHandler
                0x0000014c                TIMER32_1_IRQHandler
                0x0000014c                PIOINT2_IRQHandler
                0x0000014c                BOD_IRQHandler
                0x0000014c                WAKEUP_IRQHandler
                0x0000014c                PIOINT0_IRQHandler
                0x0000014c                I2C_IRQHandler
                0x0000014c                WDT_IRQHandler
                0x0000014c                UART_IRQHandler
                0x0000014c                SSP1_IRQHandler
                0x0000014c                PIOINT3_IRQHandler
                0x000002fc                . = 0x2fc
 *fill*         0x00000150      0x1ac ff
                0x000002fc                PROVIDE (__CRP_WORD_START__, .)
 *(.crp)
 .crp           0x000002fc        0x4 ./src/main.o
                0x000002fc                CRP_WORD
                0x00000300                PROVIDE (__CRP_WORD_END__, .)
                0x00000001                ASSERT (! ((__CRP_WORD_START__ == __CRP_WORD_END__)), Linker CRP Enabled, but no CRP_WORD provided within application)
 *(.text*)
 .text.MemoryFormat
                0x00000300       0x70 ./src/MemoryFileSystem.o
                0x00000300                MemoryFormat
 .text.MemoryGetNextFreeSector
                0x00000370       0x2a ./src/MemoryFileSystem.o
                0x00000370                MemoryGetNextFreeSector
 *fill*         0x0000039a        0x2 00
 .text.MemoryWriteFile
                0x0000039c       0xac ./src/MemoryFileSystem.o
                0x0000039c                MemoryWriteFile
 .text.MemoryCloseFile
                0x00000448       0x24 ./src/MemoryFileSystem.o
                0x00000448                MemoryCloseFile
 .text.GetNextSectorAddress
                0x0000046c       0x34 ./src/MemoryFileSystem.o
                0x0000046c                GetNextSectorAddress
 .text.MemoryGetNextEntry
                0x000004a0       0xf8 ./src/MemoryFileSystem.o
                0x000004a0                MemoryGetNextEntry
 .text.MemoryCreateFile
                0x00000598       0xc8 ./src/MemoryFileSystem.o
                0x00000598                MemoryCreateFile
 .text.MemoryReadFile
                0x00000660       0xa0 ./src/MemoryFileSystem.o
                0x00000660                MemoryReadFile
 .text.MemoryDecodeAudioFile
                0x00000700       0x8c ./src/MemoryFileSystem.o
                0x00000700                MemoryDecodeAudioFile
 .text.MemoryReadFirstDate
                0x0000078c       0x28 ./src/MemoryFileSystem.o
                0x0000078c                MemoryReadFirstDate
 .text.SpiMemoryInit
                0x000007b4       0xa4 ./src/SPI_W25Qxx.o
                0x000007b4                SpiMemoryInit
 .text.SpiMemoryReadWriteByte
                0x00000858       0x24 ./src/SPI_W25Qxx.o
                0x00000858                SpiMemoryReadWriteByte
 .text.SpiMemoryChipSelect
                0x0000087c       0x24 ./src/SPI_W25Qxx.o
                0x0000087c                SpiMemoryChipSelect
 .text.W25Q_WriteEnable
                0x000008a0       0x16 ./src/SPI_W25Qxx.o
                0x000008a0                W25Q_WriteEnable
 .text.W25Q_ReadStatusRegisterLow
                0x000008b6       0x20 ./src/SPI_W25Qxx.o
                0x000008b6                W25Q_ReadStatusRegisterLow
 .text.W25Q_WaitMemoryReady
                0x000008d6        0xc ./src/SPI_W25Qxx.o
                0x000008d6                W25Q_WaitMemoryReady
 .text.W25Q_Read
                0x000008e2       0x48 ./src/SPI_W25Qxx.o
                0x000008e2                W25Q_Read
 .text.W25Q_PageProgram
                0x0000092a       0x4a ./src/SPI_W25Qxx.o
                0x0000092a                W25Q_PageProgram
 .text.W25Q_SectorErase
                0x00000974       0x36 ./src/SPI_W25Qxx.o
                0x00000974                W25Q_SectorErase
 .text.W25Q_ReadManfDeviceId
                0x000009aa       0x3e ./src/SPI_W25Qxx.o
                0x000009aa                W25Q_ReadManfDeviceId
 .text.W25Q_ReadUniqueIdString
                0x000009e8       0x66 ./src/SPI_W25Qxx.o
                0x000009e8                W25Q_ReadUniqueIdString
 *fill*         0x00000a4e        0x2 00
 .text.InitAudioTimer
                0x00000a50       0x48 ./src/SpiDac.o
                0x00000a50                InitAudioTimer
 .text.AudioWriteDualBuffer
                0x00000a98       0x60 ./src/SpiDac.o
                0x00000a98                AudioWriteDualBuffer
 .text.AudioDualBufferReady
                0x00000af8       0x24 ./src/SpiDac.o
                0x00000af8                AudioDualBufferReady
 .text.SpiDacInit
                0x00000b1c       0x84 ./src/SpiDac.o
                0x00000b1c                SpiDacInit
 .text.SpiDacWriteByte
                0x00000ba0        0xc ./src/SpiDac.o
                0x00000ba0                SpiDacWriteByte
 .text.SpiDacWriteValue
                0x00000bac       0x4c ./src/SpiDac.o
                0x00000bac                SpiDacWriteValue
 .text.TIMER16_0_IRQHandler
                0x00000bf8       0xa8 ./src/SpiDac.o
                0x00000bf8                TIMER16_0_IRQHandler
 .text.Init1000HzTimer
                0x00000ca0       0x48 ./src/main.o
                0x00000ca0                Init1000HzTimer
 .text.TIMER16_1_IRQHandler
                0x00000ce8      0x100 ./src/main.o
                0x00000ce8                TIMER16_1_IRQHandler
 .text.InitButtonPinFunction
                0x00000de8       0x74 ./src/main.o
                0x00000de8                InitButtonPinFunction
 .text.ADCInit  0x00000e5c       0x50 ./src/main.o
                0x00000e5c                ADCInit
 .text.ADCRead  0x00000eac       0x54 ./src/main.o
                0x00000eac                ADCRead
 .text.WatchdogInit
                0x00000f00       0x4c ./src/main.o
                0x00000f00                WatchdogInit
 .text.WatchdogFeed
                0x00000f4c       0x10 ./src/main.o
                0x00000f4c                WatchdogFeed
 .text.main     0x00000f5c      0x3b0 ./src/main.o
                0x00000f5c                main
 .text.UARTInit
                0x0000130c       0xa0 ./src/uart.o
                0x0000130c                UARTInit
 .text.UARTIsDataReceived
                0x000013ac       0x10 ./src/uart.o
                0x000013ac                UARTIsDataReceived
 .text.UARTGetReceivedByte
                0x000013bc        0xc ./src/uart.o
                0x000013bc                UARTGetReceivedByte
 .text.UARTParseCommand
                0x000013c8      0x11c ./src/uart.o
                0x000013c8                UARTParseCommand
 .text.UARTSendCommand
                0x000014e4       0x5c ./src/uart.o
                0x000014e4                UARTSendCommand
 .text.strCopy  0x00001540       0x1c ./src/uart.o
                0x00001540                strCopy
 .text.strInt8ToString
                0x0000155c       0x3a ./src/uart.o
                0x0000155c                strInt8ToString
 *fill*         0x00001596        0x2 00
 .text.SystemInit
                0x00001598       0x70 C:\LEMIA\PROJECTS\BRUITEUR_SDP\MCU\CMSISv2p00_LPC11xx\Debug\libCMSISv2p00_LPC11xx.a(system_LPC11xx.o)
                0x00001598                SystemInit
 .text.__weak_main
                0x00001608        0x8 c:/nxp/lpcxpresso_4.2.2_275/lpcxpresso/tools/bin/../lib/gcc/arm-none-eabi/4.5.1/../../../../arm-none-eabi/lib/armv6-m\libcr_c.a(__weak__main.o)
                0x00001608                __weak_main
                0x00001608                __main
 .text.memcpy   0x00001610        0x8 c:/nxp/lpcxpresso_4.2.2_275/lpcxpresso/tools/bin/../lib/gcc/arm-none-eabi/4.5.1/../../../../arm-none-eabi/lib/armv6-m\libcr_c.a(memcpy.o)
                0x00001610                memcpy
 .text.__aeabi_division_uidivmod
                0x00001618       0x72 c:/nxp/lpcxpresso_4.2.2_275/lpcxpresso/tools/bin/../lib/gcc/arm-none-eabi/4.5.1/armv6-m\libcr_eabihelpers.a(division.o)
                0x00001618                __aeabi_uidivmod
                0x00001618                __aeabi_uidiv
 .text.__aeabi_division_idiv0
                0x0000168a        0x2 c:/nxp/lpcxpresso_4.2.2_275/lpcxpresso/tools/bin/../lib/gcc/arm-none-eabi/4.5.1/armv6-m\libcr_eabihelpers.a(division.o)
                0x0000168a                __aeabi_idiv0
 .text.__aeabi_memcpy
                0x0000168c       0x2c c:/nxp/lpcxpresso_4.2.2_275/lpcxpresso/tools/bin/../lib/gcc/arm-none-eabi/4.5.1/armv6-m\libcr_eabihelpers.a(memcpy.o)
                0x0000168c                __aeabi_memcpy4
                0x0000168c                __aeabi_memcpy8
                0x0000168c                __aeabi_memcpy
 .text.__gnu_thumb1_case_uqi
                0x000016b8       0x10 c:/nxp/lpcxpresso_4.2.2_275/lpcxpresso/tools/bin/../lib/gcc/arm-none-eabi/4.5.1/armv6-m\libcr_eabihelpers.a(thumb1_switch_helpers.o)
                0x000016b8                __gnu_thumb1_case_uqi
 *(.rodata .rodata.*)
 .rodata.C.26.1970
                0x000016c8       0x20 ./src/MemoryFileSystem.o
 .rodata.C.7.2673
                0x000016e8        0x6 ./src/main.o
 .rodata.str1.1
                0x000016ee       0x4d ./src/main.o
                0x0000173c                . = ALIGN (0x4)
 *fill*         0x0000173b        0x1 ff

.glue_7         0x0000173c        0x0
 .glue_7        0x00000000        0x0 linker stubs

.glue_7t        0x0000173c        0x0
 .glue_7t       0x00000000        0x0 linker stubs

.vfp11_veneer   0x0000173c        0x0
 .vfp11_veneer  0x00000000        0x0 linker stubs

.v4_bx          0x0000173c        0x0
 .v4_bx         0x00000000        0x0 linker stubs

.ARM.extab
 *(.ARM.extab* .gnu.linkonce.armextab.*)
                0x0000173c                __exidx_start = .

.ARM.exidx
 *(.ARM.exidx* .gnu.linkonce.armexidx.*)
                0x0000173c                __exidx_end = .
                0x0000173c                _etext = .

.uninit_RESERVED
 *(.bss.$RESERVED*)

.data           0x10000000        0x8 load address 0x0000173c
 FILL mask 0xff
                0x10000000                _data = .
 *(vtable)
 *(.data*)
 .data.currentBufferId
                0x10000000        0x4 ./src/SpiDac.o
                0x10000000                currentBufferId
 .data.SystemCoreClock
                0x10000004        0x4 C:\LEMIA\PROJECTS\BRUITEUR_SDP\MCU\CMSISv2p00_LPC11xx\Debug\libCMSISv2p00_LPC11xx.a(system_LPC11xx.o)
                0x10000004                SystemCoreClock
                0x10000008                . = ALIGN (0x4)
                0x10000008                _edata = .

.bss            0x10000008     0x1088 load address 0x00001744
                0x10000008                _bss = .
 *(.bss*)
 .bss.currentFileOffset
                0x10000008        0x4 ./src/MemoryFileSystem.o
                0x10000008                currentFileOffset
 .bss.currentEntryAddress
                0x1000000c        0x4 ./src/MemoryFileSystem.o
                0x1000000c                currentEntryAddress
 .bss.currentFileAddress
                0x10000010        0x4 ./src/MemoryFileSystem.o
                0x10000010                currentFileAddress
 .bss.currentFileSize
                0x10000014        0x4 ./src/MemoryFileSystem.o
                0x10000014                currentFileSize
 .bss.countBufferA
                0x10000018        0x4 ./src/SpiDac.o
                0x10000018                countBufferA
 .bss.countBufferB
                0x1000001c        0x4 ./src/SpiDac.o
                0x1000001c                countBufferB
 .bss.readLength
                0x10000020        0x4 ./src/SpiDac.o
                0x10000020                readLength
 .bss.readIndex
                0x10000024        0x4 ./src/SpiDac.o
                0x10000024                readIndex
 .bss.BP1       0x10000028       0x10 ./src/main.o
 .bss.BP2       0x10000038       0x10 ./src/main.o
 .bss.i.1667    0x10000048        0x4 ./src/main.o
 .bss.buttonPrescaler
                0x1000004c        0x4 ./src/main.o
 .bss.slowTimerPrescaler
                0x10000050        0x4 ./src/main.o
 .bss.slowTimerFlag
                0x10000054        0x1 ./src/main.o
 .bss.rxCommandType
                0x10000055        0x1 ./src/uart.o
 .bss.rxState   0x10000056        0x1 ./src/uart.o
 *fill*         0x10000057        0x1 00
 .bss.rxCommandChecksum
                0x10000058        0x2 ./src/uart.o
 .bss.rxCommandLength
                0x1000005a        0x2 ./src/uart.o
 .bss.previousRxByte
                0x1000005c        0x1 ./src/uart.o
 *fill*         0x1000005d        0x1 00
 .bss.rxCommandRcvChecksum
                0x1000005e        0x2 ./src/uart.o
 .bss.rxCommandIndex
                0x10000060        0x2 ./src/uart.o
 *fill*         0x10000062        0x2 00
 .bss.rxTimeout
                0x10000064        0x4 ./src/uart.o
 *(COMMON)
 COMMON         0x10000068       0x20 ./src/MemoryFileSystem.o
                0x10000068                fileEntryParams
 COMMON         0x10000088     0x1006 ./src/SpiDac.o
                0x10000088                readBuffer
                0x1000008c                audioBufferA
                0x1000088c                audioBufferB
                0x1000108c                posX
                0x10001090                . = ALIGN (0x4)
 *fill*         0x1000108e        0x2 00
                0x10001090                _ebss = .
                0x10001090                PROVIDE (end, .)
                0x10001090                PROVIDE (_pvHeapStart, .)
                0x10002000                PROVIDE (_vStackTop, (__top_RamLoc8 - 0x0))
OUTPUT(MiniGen10bits.axf elf32-littlearm)

.debug_abbrev   0x00000000      0xcca
 .debug_abbrev  0x00000000      0x179 ./src/MemoryFileSystem.o
 .debug_abbrev  0x00000179      0x220 ./src/SPI_W25Qxx.o
 .debug_abbrev  0x00000399      0x256 ./src/SpiDac.o
 .debug_abbrev  0x000005ef      0x105 ./src/cr_startup_lpc11.o
 .debug_abbrev  0x000006f4      0x2ad ./src/main.o
 .debug_abbrev  0x000009a1      0x23d ./src/uart.o
 .debug_abbrev  0x00000bde       0xec C:\LEMIA\PROJECTS\BRUITEUR_SDP\MCU\CMSISv2p00_LPC11xx\Debug\libCMSISv2p00_LPC11xx.a(system_LPC11xx.o)

.debug_info     0x00000000     0x4a8a
 .debug_info    0x00000000      0x659 ./src/MemoryFileSystem.o
 .debug_info    0x00000659      0xd9b ./src/SPI_W25Qxx.o
 .debug_info    0x000013f4      0xe7a ./src/SpiDac.o
 .debug_info    0x0000226e      0x296 ./src/cr_startup_lpc11.o
 .debug_info    0x00002504     0x11fe ./src/main.o
 .debug_info    0x00003702      0xe86 ./src/uart.o
 .debug_info    0x00004588      0x502 C:\LEMIA\PROJECTS\BRUITEUR_SDP\MCU\CMSISv2p00_LPC11xx\Debug\libCMSISv2p00_LPC11xx.a(system_LPC11xx.o)

.debug_line     0x00000000     0x135d
 .debug_line    0x00000000      0x283 ./src/MemoryFileSystem.o
 .debug_line    0x00000283      0x3b2 ./src/SPI_W25Qxx.o
 .debug_line    0x00000635      0x226 ./src/SpiDac.o
 .debug_line    0x0000085b       0xa9 ./src/cr_startup_lpc11.o
 .debug_line    0x00000904      0x34a ./src/main.o
 .debug_line    0x00000c4e      0x338 ./src/uart.o
 .debug_line    0x00000f86      0x3d7 C:\LEMIA\PROJECTS\BRUITEUR_SDP\MCU\CMSISv2p00_LPC11xx\Debug\libCMSISv2p00_LPC11xx.a(system_LPC11xx.o)

.debug_loc      0x00000000     0x1c75
 .debug_loc     0x00000000      0x76e ./src/MemoryFileSystem.o
 .debug_loc     0x0000076e      0x74c ./src/SPI_W25Qxx.o
 .debug_loc     0x00000eba      0x1cd ./src/SpiDac.o
 .debug_loc     0x00001087      0x2e1 ./src/cr_startup_lpc11.o
 .debug_loc     0x00001368      0x2d4 ./src/main.o
 .debug_loc     0x0000163c      0x55c ./src/uart.o
 .debug_loc     0x00001b98       0xdd C:\LEMIA\PROJECTS\BRUITEUR_SDP\MCU\CMSISv2p00_LPC11xx\Debug\libCMSISv2p00_LPC11xx.a(system_LPC11xx.o)

.debug_pubnames
                0x00000000      0x786
 .debug_pubnames
                0x00000000      0x171 ./src/MemoryFileSystem.o
 .debug_pubnames
                0x00000171      0x240 ./src/SPI_W25Qxx.o
 .debug_pubnames
                0x000003b1      0x14d ./src/SpiDac.o
 .debug_pubnames
                0x000004fe       0xbe ./src/cr_startup_lpc11.o
 .debug_pubnames
                0x000005bc       0xa9 ./src/main.o
 .debug_pubnames
                0x00000665       0xd2 ./src/uart.o
 .debug_pubnames
                0x00000737       0x4f C:\LEMIA\PROJECTS\BRUITEUR_SDP\MCU\CMSISv2p00_LPC11xx\Debug\libCMSISv2p00_LPC11xx.a(system_LPC11xx.o)

.debug_pubtypes
                0x00000000      0x372
 .debug_pubtypes
                0x00000000       0x4c ./src/MemoryFileSystem.o
 .debug_pubtypes
                0x0000004c       0x75 ./src/SPI_W25Qxx.o
 .debug_pubtypes
                0x000000c1       0xae ./src/SpiDac.o
 .debug_pubtypes
                0x0000016f       0x12 ./src/cr_startup_lpc11.o
 .debug_pubtypes
                0x00000181      0x119 ./src/main.o
 .debug_pubtypes
                0x0000029a       0xa2 ./src/uart.o
 .debug_pubtypes
                0x0000033c       0x36 C:\LEMIA\PROJECTS\BRUITEUR_SDP\MCU\CMSISv2p00_LPC11xx\Debug\libCMSISv2p00_LPC11xx.a(system_LPC11xx.o)

.debug_aranges  0x00000000      0x2e8
 .debug_aranges
                0x00000000       0x70 ./src/MemoryFileSystem.o
 .debug_aranges
                0x00000070       0xd8 ./src/SPI_W25Qxx.o
 .debug_aranges
                0x00000148       0x50 ./src/SpiDac.o
 .debug_aranges
                0x00000198       0x60 ./src/cr_startup_lpc11.o
 .debug_aranges
                0x000001f8       0x58 ./src/main.o
 .debug_aranges
                0x00000250       0x70 ./src/uart.o
 .debug_aranges
                0x000002c0       0x28 C:\LEMIA\PROJECTS\BRUITEUR_SDP\MCU\CMSISv2p00_LPC11xx\Debug\libCMSISv2p00_LPC11xx.a(system_LPC11xx.o)

.debug_ranges   0x00000000      0x278
 .debug_ranges  0x00000000       0x60 ./src/MemoryFileSystem.o
 .debug_ranges  0x00000060       0xc8 ./src/SPI_W25Qxx.o
 .debug_ranges  0x00000128       0x40 ./src/SpiDac.o
 .debug_ranges  0x00000168       0x50 ./src/cr_startup_lpc11.o
 .debug_ranges  0x000001b8       0x48 ./src/main.o
 .debug_ranges  0x00000200       0x60 ./src/uart.o
 .debug_ranges  0x00000260       0x18 C:\LEMIA\PROJECTS\BRUITEUR_SDP\MCU\CMSISv2p00_LPC11xx\Debug\libCMSISv2p00_LPC11xx.a(system_LPC11xx.o)

.debug_str      0x00000000     0x1395
 .debug_str     0x00000000      0x350 ./src/MemoryFileSystem.o
                                0x373 (size before relaxing)
 .debug_str     0x00000350      0x6ba ./src/SPI_W25Qxx.o
                                0x772 (size before relaxing)
 .debug_str     0x00000a0a      0x30c ./src/SpiDac.o
                                0x828 (size before relaxing)
 .debug_str     0x00000d16      0x12e ./src/cr_startup_lpc11.o
                                0x1ec (size before relaxing)
 .debug_str     0x00000e44      0x289 ./src/main.o
                                0xa6d (size before relaxing)
 .debug_str     0x000010cd      0x245 ./src/uart.o
                                0x94d (size before relaxing)
 .debug_str     0x00001312       0x83 C:\LEMIA\PROJECTS\BRUITEUR_SDP\MCU\CMSISv2p00_LPC11xx\Debug\libCMSISv2p00_LPC11xx.a(system_LPC11xx.o)
                                0x39e (size before relaxing)

.comment        0x00000000       0x2a
 .comment       0x00000000       0x2a ./src/MemoryFileSystem.o
                                 0x2b (size before relaxing)
 .comment       0x00000000       0x2b ./src/SPI_W25Qxx.o
 .comment       0x00000000       0x2b ./src/SpiDac.o
 .comment       0x00000000       0x2b ./src/cr_startup_lpc11.o
 .comment       0x00000000       0x2b ./src/main.o
 .comment       0x00000000       0x2b ./src/uart.o
 .comment       0x00000000       0x2b C:\LEMIA\PROJECTS\BRUITEUR_SDP\MCU\CMSISv2p00_LPC11xx\Debug\libCMSISv2p00_LPC11xx.a(system_LPC11xx.o)
 .comment       0x00000000       0x2b c:/nxp/lpcxpresso_4.2.2_275/lpcxpresso/tools/bin/../lib/gcc/arm-none-eabi/4.5.1/../../../../arm-none-eabi/lib/armv6-m\libcr_c.a(__weak__main.o)
 .comment       0x00000000       0x2b c:/nxp/lpcxpresso_4.2.2_275/lpcxpresso/tools/bin/../lib/gcc/arm-none-eabi/4.5.1/../../../../arm-none-eabi/lib/armv6-m\libcr_c.a(memcpy.o)

.ARM.attributes
                0x00000000       0x31
 .ARM.attributes
                0x00000000       0x33 ./src/MemoryFileSystem.o
 .ARM.attributes
                0x00000033       0x33 ./src/SPI_W25Qxx.o
 .ARM.attributes
                0x00000066       0x33 ./src/SpiDac.o
 .ARM.attributes
                0x00000099       0x33 ./src/cr_startup_lpc11.o
 .ARM.attributes
                0x000000cc       0x33 ./src/main.o
 .ARM.attributes
                0x000000ff       0x33 ./src/uart.o
 .ARM.attributes
                0x00000132       0x33 C:\LEMIA\PROJECTS\BRUITEUR_SDP\MCU\CMSISv2p00_LPC11xx\Debug\libCMSISv2p00_LPC11xx.a(system_LPC11xx.o)
 .ARM.attributes
                0x00000165       0x33 c:/nxp/lpcxpresso_4.2.2_275/lpcxpresso/tools/bin/../lib/gcc/arm-none-eabi/4.5.1/../../../../arm-none-eabi/lib/armv6-m\libcr_c.a(__weak__main.o)
 .ARM.attributes
                0x00000198       0x33 c:/nxp/lpcxpresso_4.2.2_275/lpcxpresso/tools/bin/../lib/gcc/arm-none-eabi/4.5.1/../../../../arm-none-eabi/lib/armv6-m\libcr_c.a(memcpy.o)
 .ARM.attributes
                0x000001cb       0x23 c:/nxp/lpcxpresso_4.2.2_275/lpcxpresso/tools/bin/../lib/gcc/arm-none-eabi/4.5.1/armv6-m\libcr_eabihelpers.a(division.o)
 .ARM.attributes
                0x000001ee       0x23 c:/nxp/lpcxpresso_4.2.2_275/lpcxpresso/tools/bin/../lib/gcc/arm-none-eabi/4.5.1/armv6-m\libcr_eabihelpers.a(memcpy.o)
 .ARM.attributes
                0x00000211       0x23 c:/nxp/lpcxpresso_4.2.2_275/lpcxpresso/tools/bin/../lib/gcc/arm-none-eabi/4.5.1/armv6-m\libcr_eabihelpers.a(thumb1_switch_helpers.o)

.debug_frame    0x00000000      0x784
 .debug_frame   0x00000000      0x15c ./src/MemoryFileSystem.o
 .debug_frame   0x0000015c      0x264 ./src/SPI_W25Qxx.o
 .debug_frame   0x000003c0       0xb8 ./src/SpiDac.o
 .debug_frame   0x00000478       0xe8 ./src/cr_startup_lpc11.o
 .debug_frame   0x00000560       0xcc ./src/main.o
 .debug_frame   0x0000062c      0x114 ./src/uart.o
 .debug_frame   0x00000740       0x44 C:\LEMIA\PROJECTS\BRUITEUR_SDP\MCU\CMSISv2p00_LPC11xx\Debug\libCMSISv2p00_LPC11xx.a(system_LPC11xx.o)

.debug_macinfo  0x00000000     0x4a4c
 .debug_macinfo
                0x00000000     0x4a4c C:\LEMIA\PROJECTS\BRUITEUR_SDP\MCU\CMSISv2p00_LPC11xx\Debug\libCMSISv2p00_LPC11xx.a(system_LPC11xx.o)
