Archive member included because of file (symbol)

C:\LEMIA\PROJECTS\BRUITEUR_SDP\MCU\CMSISv2p00_LPC11xx\Debug\libCMSISv2p00_LPC11xx.a(system_LPC11xx.o)
                              ./src/cr_startup_lpc11.o (SystemInit)
c:/nxp/lpcxpresso_7.2.0_153/lpcxpresso/tools/bin/../lib/gcc/arm-none-eabi/4.8.3/../../../../arm-none-eabi/lib/armv6-m\libcr_c.a(memcpy.o)
                              ./src/MemoryFileSystem.o (memcpy)
c:/nxp/lpcxpresso_7.2.0_153/lpcxpresso/tools/bin/../lib/gcc/arm-none-eabi/4.8.3/../../../../arm-none-eabi/lib/armv6-m\libcr_c.a(__weak__main.o)
                              ./src/cr_startup_lpc11.o (__main)
c:/nxp/lpcxpresso_7.2.0_153/lpcxpresso/tools/bin/../lib/gcc/arm-none-eabi/4.8.3/armv6-m\libcr_eabihelpers.a(division_32.o)
                              ./src/main.o (__aeabi_uidiv)
c:/nxp/lpcxpresso_7.2.0_153/lpcxpresso/tools/bin/../lib/gcc/arm-none-eabi/4.8.3/armv6-m\libcr_eabihelpers.a(division_idiv0.o)
                              c:/nxp/lpcxpresso_7.2.0_153/lpcxpresso/tools/bin/../lib/gcc/arm-none-eabi/4.8.3/armv6-m\libcr_eabihelpers.a(division_32.o) (__aeabi_idiv0)
c:/nxp/lpcxpresso_7.2.0_153/lpcxpresso/tools/bin/../lib/gcc/arm-none-eabi/4.8.3/armv6-m\libcr_eabihelpers.a(memcpy.o)
                              c:/nxp/lpcxpresso_7.2.0_153/lpcxpresso/tools/bin/../lib/gcc/arm-none-eabi/4.8.3/../../../../arm-none-eabi/lib/armv6-m\libcr_c.a(memcpy.o) (__aeabi_memcpy)
c:/nxp/lpcxpresso_7.2.0_153/lpcxpresso/tools/bin/../lib/gcc/arm-none-eabi/4.8.3/armv6-m\libcr_eabihelpers.a(thumb1_switch_helpers.o)
                              ./src/uart.o (__gnu_thumb1_case_uqi)

Allocating common symbols
Common symbol       size              file

readBuffer          0x4               ./src/SpiDac.o
audioBufferA        0x800             ./src/SpiDac.o
audioBufferB        0x800             ./src/SpiDac.o
fileEntryParams     0x20              ./src/MemoryFileSystem.o
posX                0x2               ./src/SpiDac.o

Discarded input sections

 .text          0x00000000        0x0 ./src/MemoryFileSystem.o
 .data          0x00000000        0x0 ./src/MemoryFileSystem.o
 .bss           0x00000000        0x0 ./src/MemoryFileSystem.o
 .text.MemoryOpenFile
                0x00000000        0x4 ./src/MemoryFileSystem.o
 .text          0x00000000        0x0 ./src/SPI_W25Qxx.o
 .data          0x00000000        0x0 ./src/SPI_W25Qxx.o
 .bss           0x00000000        0x0 ./src/SPI_W25Qxx.o
 .text.SpiMemoryCsHigh
                0x00000000       0x18 ./src/SPI_W25Qxx.o
 .text.SpiMemoryCsLow
                0x00000000       0x18 ./src/SPI_W25Qxx.o
 .text.W25Q_WriteDisable
                0x00000000       0x16 ./src/SPI_W25Qxx.o
 .text.W25Q_ReadStatusRegisterHigh
                0x00000000       0x20 ./src/SPI_W25Qxx.o
 .text.W25Q_WriteStatusRegisterLow
                0x00000000       0x22 ./src/SPI_W25Qxx.o
 .text.W25Q_WriteStatusRegister
                0x00000000       0x2a ./src/SPI_W25Qxx.o
 .text.W25Q_FastRead
                0x00000000       0x4a ./src/SPI_W25Qxx.o
 .text.W25Q_BlockErase32K
                0x00000000       0x36 ./src/SPI_W25Qxx.o
 .text.W25Q_BlockErase64K
                0x00000000       0x36 ./src/SPI_W25Qxx.o
 .text.W25Q_ChipErase
                0x00000000       0x1e ./src/SPI_W25Qxx.o
 .text.W25Q_ReadDeviceId
                0x00000000       0x32 ./src/SPI_W25Qxx.o
 .text.W25Q_ReadUniqueId
                0x00000000       0x40 ./src/SPI_W25Qxx.o
 .text.W25Q_ReadJEDEDId
                0x00000000       0x36 ./src/SPI_W25Qxx.o
 .text          0x00000000        0x0 ./src/SpiDac.o
 .data          0x00000000        0x0 ./src/SpiDac.o
 .bss           0x00000000        0x0 ./src/SpiDac.o
 .bss.audioIndex
                0x00000000        0x4 ./src/SpiDac.o
 .bss.posY      0x00000000        0x2 ./src/SpiDac.o
 .text          0x00000000        0x0 ./src/cr_startup_lpc11.o
 .data          0x00000000        0x0 ./src/cr_startup_lpc11.o
 .bss           0x00000000        0x0 ./src/cr_startup_lpc11.o
 .text          0x00000000        0x0 ./src/main.o
 .data          0x00000000        0x0 ./src/main.o
 .bss           0x00000000        0x0 ./src/main.o
 .text.ReadInputMode
                0x00000000       0xcc ./src/main.o
 .text          0x00000000        0x0 ./src/uart.o
 .data          0x00000000        0x0 ./src/uart.o
 .bss           0x00000000        0x0 ./src/uart.o
 .text.UARTSend
                0x00000000       0x20 ./src/uart.o
 .text.UARTPuts
                0x00000000       0x1c ./src/uart.o
 .text.UARTSendChar
                0x00000000       0x30 ./src/uart.o
 .text.UARTSendHex
                0x00000000       0x94 ./src/uart.o
 .text          0x00000000        0x0 C:\LEMIA\PROJECTS\BRUITEUR_SDP\MCU\CMSISv2p00_LPC11xx\Debug\libCMSISv2p00_LPC11xx.a(system_LPC11xx.o)
 .data          0x00000000        0x0 C:\LEMIA\PROJECTS\BRUITEUR_SDP\MCU\CMSISv2p00_LPC11xx\Debug\libCMSISv2p00_LPC11xx.a(system_LPC11xx.o)
 .bss           0x00000000        0x0 C:\LEMIA\PROJECTS\BRUITEUR_SDP\MCU\CMSISv2p00_LPC11xx\Debug\libCMSISv2p00_LPC11xx.a(system_LPC11xx.o)
 .text.SystemCoreClockUpdate
                0x00000000       0x9c C:\LEMIA\PROJECTS\BRUITEUR_SDP\MCU\CMSISv2p00_LPC11xx\Debug\libCMSISv2p00_LPC11xx.a(system_LPC11xx.o)
 .rodata.CSWTCH.6
                0x00000000       0x40 C:\LEMIA\PROJECTS\BRUITEUR_SDP\MCU\CMSISv2p00_LPC11xx\Debug\libCMSISv2p00_LPC11xx.a(system_LPC11xx.o)
 .text          0x00000000        0x0 c:/nxp/lpcxpresso_7.2.0_153/lpcxpresso/tools/bin/../lib/gcc/arm-none-eabi/4.8.3/../../../../arm-none-eabi/lib/armv6-m\libcr_c.a(memcpy.o)
 .data          0x00000000        0x0 c:/nxp/lpcxpresso_7.2.0_153/lpcxpresso/tools/bin/../lib/gcc/arm-none-eabi/4.8.3/../../../../arm-none-eabi/lib/armv6-m\libcr_c.a(memcpy.o)
 .bss           0x00000000        0x0 c:/nxp/lpcxpresso_7.2.0_153/lpcxpresso/tools/bin/../lib/gcc/arm-none-eabi/4.8.3/../../../../arm-none-eabi/lib/armv6-m\libcr_c.a(memcpy.o)
 .text          0x00000000        0x0 c:/nxp/lpcxpresso_7.2.0_153/lpcxpresso/tools/bin/../lib/gcc/arm-none-eabi/4.8.3/../../../../arm-none-eabi/lib/armv6-m\libcr_c.a(__weak__main.o)
 .data          0x00000000        0x0 c:/nxp/lpcxpresso_7.2.0_153/lpcxpresso/tools/bin/../lib/gcc/arm-none-eabi/4.8.3/../../../../arm-none-eabi/lib/armv6-m\libcr_c.a(__weak__main.o)
 .bss           0x00000000        0x0 c:/nxp/lpcxpresso_7.2.0_153/lpcxpresso/tools/bin/../lib/gcc/arm-none-eabi/4.8.3/../../../../arm-none-eabi/lib/armv6-m\libcr_c.a(__weak__main.o)
 .text          0x00000000        0x0 c:/nxp/lpcxpresso_7.2.0_153/lpcxpresso/tools/bin/../lib/gcc/arm-none-eabi/4.8.3/armv6-m\libcr_eabihelpers.a(division_32.o)
 .data          0x00000000        0x0 c:/nxp/lpcxpresso_7.2.0_153/lpcxpresso/tools/bin/../lib/gcc/arm-none-eabi/4.8.3/armv6-m\libcr_eabihelpers.a(division_32.o)
 .bss           0x00000000        0x0 c:/nxp/lpcxpresso_7.2.0_153/lpcxpresso/tools/bin/../lib/gcc/arm-none-eabi/4.8.3/armv6-m\libcr_eabihelpers.a(division_32.o)
 .text          0x00000000        0x0 c:/nxp/lpcxpresso_7.2.0_153/lpcxpresso/tools/bin/../lib/gcc/arm-none-eabi/4.8.3/armv6-m\libcr_eabihelpers.a(division_idiv0.o)
 .data          0x00000000        0x0 c:/nxp/lpcxpresso_7.2.0_153/lpcxpresso/tools/bin/../lib/gcc/arm-none-eabi/4.8.3/armv6-m\libcr_eabihelpers.a(division_idiv0.o)
 .bss           0x00000000        0x0 c:/nxp/lpcxpresso_7.2.0_153/lpcxpresso/tools/bin/../lib/gcc/arm-none-eabi/4.8.3/armv6-m\libcr_eabihelpers.a(division_idiv0.o)
 .text          0x00000000        0x0 c:/nxp/lpcxpresso_7.2.0_153/lpcxpresso/tools/bin/../lib/gcc/arm-none-eabi/4.8.3/armv6-m\libcr_eabihelpers.a(memcpy.o)
 .data          0x00000000        0x0 c:/nxp/lpcxpresso_7.2.0_153/lpcxpresso/tools/bin/../lib/gcc/arm-none-eabi/4.8.3/armv6-m\libcr_eabihelpers.a(memcpy.o)
 .bss           0x00000000        0x0 c:/nxp/lpcxpresso_7.2.0_153/lpcxpresso/tools/bin/../lib/gcc/arm-none-eabi/4.8.3/armv6-m\libcr_eabihelpers.a(memcpy.o)
 .text.__aeabi_memmove
                0x00000000       0x1c c:/nxp/lpcxpresso_7.2.0_153/lpcxpresso/tools/bin/../lib/gcc/arm-none-eabi/4.8.3/armv6-m\libcr_eabihelpers.a(memcpy.o)
 .text.__aeabi_memset_lowlevel
                0x00000000       0x2a c:/nxp/lpcxpresso_7.2.0_153/lpcxpresso/tools/bin/../lib/gcc/arm-none-eabi/4.8.3/armv6-m\libcr_eabihelpers.a(memcpy.o)
 .text.__aeabi_memclr
                0x00000000        0x6 c:/nxp/lpcxpresso_7.2.0_153/lpcxpresso/tools/bin/../lib/gcc/arm-none-eabi/4.8.3/armv6-m\libcr_eabihelpers.a(memcpy.o)
 .text.__aeabi_memset
                0x00000000        0x8 c:/nxp/lpcxpresso_7.2.0_153/lpcxpresso/tools/bin/../lib/gcc/arm-none-eabi/4.8.3/armv6-m\libcr_eabihelpers.a(memcpy.o)
 .text          0x00000000        0x0 c:/nxp/lpcxpresso_7.2.0_153/lpcxpresso/tools/bin/../lib/gcc/arm-none-eabi/4.8.3/armv6-m\libcr_eabihelpers.a(thumb1_switch_helpers.o)
 .data          0x00000000        0x0 c:/nxp/lpcxpresso_7.2.0_153/lpcxpresso/tools/bin/../lib/gcc/arm-none-eabi/4.8.3/armv6-m\libcr_eabihelpers.a(thumb1_switch_helpers.o)
 .bss           0x00000000        0x0 c:/nxp/lpcxpresso_7.2.0_153/lpcxpresso/tools/bin/../lib/gcc/arm-none-eabi/4.8.3/armv6-m\libcr_eabihelpers.a(thumb1_switch_helpers.o)
 .text.__gnu_thumb1_case_sqi
                0x00000000       0x10 c:/nxp/lpcxpresso_7.2.0_153/lpcxpresso/tools/bin/../lib/gcc/arm-none-eabi/4.8.3/armv6-m\libcr_eabihelpers.a(thumb1_switch_helpers.o)
 .text.__gnu_thumb1_case_shi
                0x00000000       0x10 c:/nxp/lpcxpresso_7.2.0_153/lpcxpresso/tools/bin/../lib/gcc/arm-none-eabi/4.8.3/armv6-m\libcr_eabihelpers.a(thumb1_switch_helpers.o)
 .text.__gnu_thumb1_case_uhi
                0x00000000       0x10 c:/nxp/lpcxpresso_7.2.0_153/lpcxpresso/tools/bin/../lib/gcc/arm-none-eabi/4.8.3/armv6-m\libcr_eabihelpers.a(thumb1_switch_helpers.o)
 .text.__gnu_thumb1_case_si
                0x00000000       0x18 c:/nxp/lpcxpresso_7.2.0_153/lpcxpresso/tools/bin/../lib/gcc/arm-none-eabi/4.8.3/armv6-m\libcr_eabihelpers.a(thumb1_switch_helpers.o)

Memory Configuration

Name             Origin             Length             Attributes
MFlash32         0x00000000         0x00008000         xr
RamLoc8          0x10000000         0x00002000         xrw
*default*        0x00000000         0xffffffff

Linker script and memory map

LOAD ./src/MemoryFileSystem.o
LOAD ./src/SPI_W25Qxx.o
LOAD ./src/SpiDac.o
LOAD ./src/cr_startup_lpc11.o
LOAD ./src/main.o
LOAD ./src/uart.o
LOAD C:\LEMIA\PROJECTS\BRUITEUR_SDP\MCU\CMSISv2p00_LPC11xx\Debug\libCMSISv2p00_LPC11xx.a
START GROUP
LOAD c:/nxp/lpcxpresso_7.2.0_153/lpcxpresso/tools/bin/../lib/gcc/arm-none-eabi/4.8.3/../../../../arm-none-eabi/lib/armv6-m\libcr_c.a
LOAD c:/nxp/lpcxpresso_7.2.0_153/lpcxpresso/tools/bin/../lib/gcc/arm-none-eabi/4.8.3/armv6-m\libcr_eabihelpers.a
END GROUP
                0x00008000                __top_MFlash32 = 0x8000
                0x10002000                __top_RamLoc8 = 0x10002000

.text           0x00000000     0x1be0
 FILL mask 0xff
                0x00000000                __vectors_start__ = ABSOLUTE (.)
 *(.isr_vector)
 .isr_vector    0x00000000       0xc0 ./src/cr_startup_lpc11.o
                0x00000000                g_pfnVectors
                0x000000c0                . = ALIGN (0x4)
                0x000000c0                __section_table_start = .
                0x000000c0                __data_section_table = .
                0x000000c0        0x4 LONG 0x1be0 LOADADDR (.data)
                0x000000c4        0x4 LONG 0x10000000 ADDR (.data)
                0x000000c8        0x4 LONG 0x8 SIZEOF (.data)
                0x000000cc                __data_section_table_end = .
                0x000000cc                __bss_section_table = .
                0x000000cc        0x4 LONG 0x10000008 ADDR (.bss)
                0x000000d0        0x4 LONG 0x1108 SIZEOF (.bss)
                0x000000d4                __bss_section_table_end = .
                0x000000d4                __section_table_end = .
 *(.after_vectors*)
 .after_vectors
                0x000000d4       0x7c ./src/cr_startup_lpc11.o
                0x000000d4                NMI_Handler
                0x000000d8                HardFault_Handler
                0x000000dc                SVC_Handler
                0x000000e0                PendSV_Handler
                0x000000e4                SysTick_Handler
                0x000000e8                data_init
                0x000000fa                bss_init
                0x0000010c                ResetISR
                0x0000014c                IntDefaultHandler
                0x0000014c                PIOINT1_IRQHandler
                0x0000014c                TIMER32_1_IRQHandler
                0x0000014c                SSP0_IRQHandler
                0x0000014c                TIMER32_0_IRQHandler
                0x0000014c                ADC_IRQHandler
                0x0000014c                SSP1_IRQHandler
                0x0000014c                PIOINT2_IRQHandler
                0x0000014c                WAKEUP_IRQHandler
                0x0000014c                PIOINT0_IRQHandler
                0x0000014c                I2C_IRQHandler
                0x0000014c                UART_IRQHandler
                0x0000014c                CAN_IRQHandler
                0x0000014c                PIOINT3_IRQHandler
                0x000002fc                . = 0x2fc
 *fill*         0x00000150      0x1ac ff
                0x000002fc                PROVIDE (__CRP_WORD_START__, .)
 *(.crp)
 .crp           0x000002fc        0x4 ./src/main.o
                0x000002fc                CRP_WORD
                0x00000300                PROVIDE (__CRP_WORD_END__, .)
                0x00000001                ASSERT (! ((__CRP_WORD_START__ == __CRP_WORD_END__)), Linker CRP Enabled, but no CRP_WORD provided within application)
 *(.text*)
 .text.MemoryFormat
                0x00000300       0x7c ./src/MemoryFileSystem.o
                0x00000300                MemoryFormat
 .text.MemoryGetNextFreeSector
                0x0000037c       0x2a ./src/MemoryFileSystem.o
                0x0000037c                MemoryGetNextFreeSector
 *fill*         0x000003a6        0x2 
 .text.MemoryWriteFile
                0x000003a8       0xac ./src/MemoryFileSystem.o
                0x000003a8                MemoryWriteFile
 .text.MemoryCloseFile
                0x00000454       0x24 ./src/MemoryFileSystem.o
                0x00000454                MemoryCloseFile
 .text.GetNextSectorAddress
                0x00000478       0x34 ./src/MemoryFileSystem.o
                0x00000478                GetNextSectorAddress
 .text.MemoryGetNextEntry
                0x000004ac       0xf8 ./src/MemoryFileSystem.o
                0x000004ac                MemoryGetNextEntry
 .text.MemoryCreateFile
                0x000005a4       0xc8 ./src/MemoryFileSystem.o
                0x000005a4                MemoryCreateFile
 .text.MemoryReadFile
                0x0000066c       0xa8 ./src/MemoryFileSystem.o
                0x0000066c                MemoryReadFile
 .text.MemoryDecodeAudioFile
                0x00000714       0x8c ./src/MemoryFileSystem.o
                0x00000714                MemoryDecodeAudioFile
 .text.MemoryReadFirstDate
                0x000007a0       0x28 ./src/MemoryFileSystem.o
                0x000007a0                MemoryReadFirstDate
 .text.SpiMemoryInit
                0x000007c8       0xa4 ./src/SPI_W25Qxx.o
                0x000007c8                SpiMemoryInit
 .text.SpiMemoryReadWriteByte
                0x0000086c       0x24 ./src/SPI_W25Qxx.o
                0x0000086c                SpiMemoryReadWriteByte
 .text.SpiMemoryChipSelect
                0x00000890       0x24 ./src/SPI_W25Qxx.o
                0x00000890                SpiMemoryChipSelect
 .text.W25Q_WriteEnable
                0x000008b4       0x16 ./src/SPI_W25Qxx.o
                0x000008b4                W25Q_WriteEnable
 .text.W25Q_ReadStatusRegisterLow
                0x000008ca       0x20 ./src/SPI_W25Qxx.o
                0x000008ca                W25Q_ReadStatusRegisterLow
 .text.W25Q_WaitMemoryReady
                0x000008ea        0xc ./src/SPI_W25Qxx.o
                0x000008ea                W25Q_WaitMemoryReady
 .text.W25Q_Read
                0x000008f6       0x48 ./src/SPI_W25Qxx.o
                0x000008f6                W25Q_Read
 .text.W25Q_PageProgram
                0x0000093e       0x4a ./src/SPI_W25Qxx.o
                0x0000093e                W25Q_PageProgram
 .text.W25Q_SectorErase
                0x00000988       0x36 ./src/SPI_W25Qxx.o
                0x00000988                W25Q_SectorErase
 .text.W25Q_ReadManfDeviceId
                0x000009be       0x3e ./src/SPI_W25Qxx.o
                0x000009be                W25Q_ReadManfDeviceId
 .text.W25Q_ReadUniqueIdString
                0x000009fc       0x66 ./src/SPI_W25Qxx.o
                0x000009fc                W25Q_ReadUniqueIdString
 *fill*         0x00000a62        0x2 
 .text.InitAudioTimer
                0x00000a64       0x48 ./src/SpiDac.o
                0x00000a64                InitAudioTimer
 .text.AudioWriteDualBuffer
                0x00000aac       0x60 ./src/SpiDac.o
                0x00000aac                AudioWriteDualBuffer
 .text.AudioDualBufferReady
                0x00000b0c       0x24 ./src/SpiDac.o
                0x00000b0c                AudioDualBufferReady
 .text.SpiDacInit
                0x00000b30       0x84 ./src/SpiDac.o
                0x00000b30                SpiDacInit
 .text.SpiDacWriteByte
                0x00000bb4        0xc ./src/SpiDac.o
                0x00000bb4                SpiDacWriteByte
 .text.SpiDacWriteValue
                0x00000bc0       0x4c ./src/SpiDac.o
                0x00000bc0                SpiDacWriteValue
 .text.TIMER16_0_IRQHandler
                0x00000c0c       0xa8 ./src/SpiDac.o
                0x00000c0c                TIMER16_0_IRQHandler
 .text.Init1000HzTimer
                0x00000cb4       0x48 ./src/main.o
                0x00000cb4                Init1000HzTimer
 .text.BOD_IRQHandler
                0x00000cfc       0x18 ./src/main.o
                0x00000cfc                BOD_IRQHandler
 .text.WDT_IRQHandler
                0x00000d14       0x18 ./src/main.o
                0x00000d14                WDT_IRQHandler
 .text.InitButtonPinFunction
                0x00000d2c       0x74 ./src/main.o
                0x00000d2c                InitButtonPinFunction
 .text.ADCInit  0x00000da0       0x60 ./src/main.o
                0x00000da0                ADCInit
 .text.ADCRead  0x00000e00       0x54 ./src/main.o
                0x00000e00                ADCRead
 .text.TIMER16_1_IRQHandler
                0x00000e54      0x3cc ./src/main.o
                0x00000e54                TIMER16_1_IRQHandler
 .text.WatchdogInit
                0x00001220       0x4c ./src/main.o
                0x00001220                WatchdogInit
 .text.WatchdogFeed
                0x0000126c       0x10 ./src/main.o
                0x0000126c                WatchdogFeed
 .text.startup.main
                0x0000127c      0x4d8 ./src/main.o
                0x0000127c                main
 .text.UARTInit
                0x00001754       0xa0 ./src/uart.o
                0x00001754                UARTInit
 .text.UARTIsDataReceived
                0x000017f4       0x10 ./src/uart.o
                0x000017f4                UARTIsDataReceived
 .text.UARTGetReceivedByte
                0x00001804        0xc ./src/uart.o
                0x00001804                UARTGetReceivedByte
 .text.UARTParseCommand
                0x00001810      0x11c ./src/uart.o
                0x00001810                UARTParseCommand
 .text.UARTSendCommand
                0x0000192c       0x5c ./src/uart.o
                0x0000192c                UARTSendCommand
 .text.strCopy  0x00001988       0x1c ./src/uart.o
                0x00001988                strCopy
 .text.strInt8ToString
                0x000019a4       0x3a ./src/uart.o
                0x000019a4                strInt8ToString
 *fill*         0x000019de        0x2 
 .text.SystemInit
                0x000019e0       0x70 C:\LEMIA\PROJECTS\BRUITEUR_SDP\MCU\CMSISv2p00_LPC11xx\Debug\libCMSISv2p00_LPC11xx.a(system_LPC11xx.o)
                0x000019e0                SystemInit
 .text.memcpy   0x00001a50        0x8 c:/nxp/lpcxpresso_7.2.0_153/lpcxpresso/tools/bin/../lib/gcc/arm-none-eabi/4.8.3/../../../../arm-none-eabi/lib/armv6-m\libcr_c.a(memcpy.o)
                0x00001a50                memcpy
 .text.__weak_main
                0x00001a58        0x8 c:/nxp/lpcxpresso_7.2.0_153/lpcxpresso/tools/bin/../lib/gcc/arm-none-eabi/4.8.3/../../../../arm-none-eabi/lib/armv6-m\libcr_c.a(__weak__main.o)
                0x00001a58                __weak_main
                0x00001a58                __main
 .text.__aeabi_division_idivmod
                0x00001a60       0x78 c:/nxp/lpcxpresso_7.2.0_153/lpcxpresso/tools/bin/../lib/gcc/arm-none-eabi/4.8.3/armv6-m\libcr_eabihelpers.a(division_32.o)
                0x00001a60                __aeabi_idivmod
                0x00001a60                __aeabi_idiv
                0x00001a66                __aeabi_uidivmod
                0x00001a66                __aeabi_uidiv
 .text.__aeabi_division_idiv0
                0x00001ad8        0x2 c:/nxp/lpcxpresso_7.2.0_153/lpcxpresso/tools/bin/../lib/gcc/arm-none-eabi/4.8.3/armv6-m\libcr_eabihelpers.a(division_idiv0.o)
                0x00001ad8                __aeabi_idiv0
 .text.__aeabi_memcpy
                0x00001ada       0x2c c:/nxp/lpcxpresso_7.2.0_153/lpcxpresso/tools/bin/../lib/gcc/arm-none-eabi/4.8.3/armv6-m\libcr_eabihelpers.a(memcpy.o)
                0x00001ada                __aeabi_memcpy4
                0x00001ada                __aeabi_memcpy8
                0x00001ada                __aeabi_memcpy
 .text.__gnu_thumb1_case_uqi
                0x00001b06       0x10 c:/nxp/lpcxpresso_7.2.0_153/lpcxpresso/tools/bin/../lib/gcc/arm-none-eabi/4.8.3/armv6-m\libcr_eabihelpers.a(thumb1_switch_helpers.o)
                0x00001b06                __gnu_thumb1_case_uqi
 *(.rodata .rodata.* .constdata .constdata.*)
 .rodata.C.26.2690
                0x00001b16       0x20 ./src/MemoryFileSystem.o
 .rodata        0x00001b36        0x6 ./src/main.o
 .rodata.str1.1
                0x00001b3c       0xa2 ./src/main.o
                0x00001be0                . = ALIGN (0x4)
 *fill*         0x00001bde        0x2 ff

.glue_7         0x00001be0        0x0
 .glue_7        0x00000000        0x0 linker stubs

.glue_7t        0x00001be0        0x0
 .glue_7t       0x00000000        0x0 linker stubs

.vfp11_veneer   0x00001be0        0x0
 .vfp11_veneer  0x00000000        0x0 linker stubs

.v4_bx          0x00001be0        0x0
 .v4_bx         0x00000000        0x0 linker stubs

.iplt           0x00001be0        0x0
 .iplt          0x00000000        0x0 ./src/MemoryFileSystem.o

.rel.dyn        0x00001be0        0x0
 .rel.iplt      0x00000000        0x0 ./src/MemoryFileSystem.o

.ARM.extab
 *(.ARM.extab* .gnu.linkonce.armextab.*)
                0x00001be0                __exidx_start = .

.ARM.exidx
 *(.ARM.exidx* .gnu.linkonce.armexidx.*)
                0x00001be0                __exidx_end = .
                0x00001be0                _etext = .

.uninit_RESERVED
                0x10000000        0x0
 *(.bss.$RESERVED*)
                0x10000000                . = ALIGN (0x4)
                0x10000000                _end_uninit_RESERVED = .

.data           0x10000000        0x8 load address 0x00001be0
 FILL mask 0xff
                0x10000000                _data = .
 *(vtable)
 *(.ramfunc*)
 *(.data*)
 .data.currentBufferId
                0x10000000        0x4 ./src/SpiDac.o
                0x10000000                currentBufferId
 .data.SystemCoreClock
                0x10000004        0x4 C:\LEMIA\PROJECTS\BRUITEUR_SDP\MCU\CMSISv2p00_LPC11xx\Debug\libCMSISv2p00_LPC11xx.a(system_LPC11xx.o)
                0x10000004                SystemCoreClock
                0x10000008                . = ALIGN (0x4)
                0x10000008                _edata = .

.igot.plt       0x10000008        0x0 load address 0x00001be8
 .igot.plt      0x00000000        0x0 ./src/MemoryFileSystem.o

.bss            0x10000008     0x1108 load address 0x00001be8
                0x10000008                _bss = .
 *(.bss*)
 .bss.currentFileOffset
                0x10000008        0x4 ./src/MemoryFileSystem.o
                0x10000008                currentFileOffset
 .bss.currentEntryAddress
                0x1000000c        0x4 ./src/MemoryFileSystem.o
                0x1000000c                currentEntryAddress
 .bss.currentFileAddress
                0x10000010        0x4 ./src/MemoryFileSystem.o
                0x10000010                currentFileAddress
 .bss.currentFileSize
                0x10000014        0x4 ./src/MemoryFileSystem.o
                0x10000014                currentFileSize
 .bss.countBufferA
                0x10000018        0x4 ./src/SpiDac.o
                0x10000018                countBufferA
 .bss.countBufferB
                0x1000001c        0x4 ./src/SpiDac.o
                0x1000001c                countBufferB
 .bss.readLength
                0x10000020        0x4 ./src/SpiDac.o
                0x10000020                readLength
 .bss.readIndex
                0x10000024        0x4 ./src/SpiDac.o
                0x10000024                readIndex
 .bss.BP_5      0x10000028       0x10 ./src/main.o
 .bss.BP_6      0x10000038       0x10 ./src/main.o
 .bss.BP_7      0x10000048       0x10 ./src/main.o
 .bss.BP_8      0x10000058       0x10 ./src/main.o
 .bss.BP_4      0x10000068       0x10 ./src/main.o
 .bss.BP1       0x10000078       0x10 ./src/main.o
 .bss.BP2       0x10000088       0x10 ./src/main.o
 .bss.i.4474    0x10000098        0x4 ./src/main.o
 .bss.buttonPrescaler
                0x1000009c        0x4 ./src/main.o
 .bss.slowTimerPrescaler
                0x100000a0        0x4 ./src/main.o
 .bss.slowTimerFlag
                0x100000a4        0x1 ./src/main.o
 *fill*         0x100000a5        0x3 
 .bss.BP_1      0x100000a8       0x10 ./src/main.o
 .bss.BP_2      0x100000b8       0x10 ./src/main.o
 .bss.BP_3      0x100000c8       0x10 ./src/main.o
 .bss.rxCommandType
                0x100000d8        0x1 ./src/uart.o
 .bss.rxState   0x100000d9        0x1 ./src/uart.o
 .bss.rxCommandChecksum
                0x100000da        0x2 ./src/uart.o
 .bss.rxCommandLength
                0x100000dc        0x2 ./src/uart.o
 .bss.previousRxByte
                0x100000de        0x1 ./src/uart.o
 *fill*         0x100000df        0x1 
 .bss.rxCommandRcvChecksum
                0x100000e0        0x2 ./src/uart.o
 .bss.rxCommandIndex
                0x100000e2        0x2 ./src/uart.o
 .bss.rxTimeout
                0x100000e4        0x4 ./src/uart.o
 *(COMMON)
 COMMON         0x100000e8       0x20 ./src/MemoryFileSystem.o
                0x100000e8                fileEntryParams
 COMMON         0x10000108     0x1006 ./src/SpiDac.o
                0x10000108                readBuffer
                0x1000010c                audioBufferA
                0x1000090c                audioBufferB
                0x1000110c                posX
                0x10001110                . = ALIGN (0x4)
 *fill*         0x1000110e        0x2 
                0x10001110                _ebss = .
                0x10001110                PROVIDE (end, .)

.noinit         0x10001110        0x0 load address 0x00001be8
                0x10001110                _noinit = .
 *(.noinit*)
                0x10001110                . = ALIGN (0x4)
                0x10001110                _end_noinit = .
                0x10001110                PROVIDE (_pvHeapStart, .)
                0x10002000                PROVIDE (_vStackTop, (__top_RamLoc8 - 0x0))
OUTPUT(MiniGen12bits_minos_v2.axf elf32-littlearm)

.debug_abbrev   0x00000000      0xdfc
 .debug_abbrev  0x00000000      0x1bf ./src/MemoryFileSystem.o
 .debug_abbrev  0x000001bf      0x220 ./src/SPI_W25Qxx.o
 .debug_abbrev  0x000003df      0x256 ./src/SpiDac.o
 .debug_abbrev  0x00000635      0x105 ./src/cr_startup_lpc11.o
 .debug_abbrev  0x0000073a      0x399 ./src/main.o
 .debug_abbrev  0x00000ad3      0x23d ./src/uart.o
 .debug_abbrev  0x00000d10       0xec C:\LEMIA\PROJECTS\BRUITEUR_SDP\MCU\CMSISv2p00_LPC11xx\Debug\libCMSISv2p00_LPC11xx.a(system_LPC11xx.o)

.debug_info     0x00000000     0x5254
 .debug_info    0x00000000      0x70e ./src/MemoryFileSystem.o
 .debug_info    0x0000070e      0xd9b ./src/SPI_W25Qxx.o
 .debug_info    0x000014a9      0xe7a ./src/SpiDac.o
 .debug_info    0x00002323      0x296 ./src/cr_startup_lpc11.o
 .debug_info    0x000025b9     0x1913 ./src/main.o
 .debug_info    0x00003ecc      0xe86 ./src/uart.o
 .debug_info    0x00004d52      0x502 C:\LEMIA\PROJECTS\BRUITEUR_SDP\MCU\CMSISv2p00_LPC11xx\Debug\libCMSISv2p00_LPC11xx.a(system_LPC11xx.o)

.debug_line     0x00000000     0x161b
 .debug_line    0x00000000      0x35d ./src/MemoryFileSystem.o
 .debug_line    0x0000035d      0x3b2 ./src/SPI_W25Qxx.o
 .debug_line    0x0000070f      0x226 ./src/SpiDac.o
 .debug_line    0x00000935       0xa9 ./src/cr_startup_lpc11.o
 .debug_line    0x000009de      0x52e ./src/main.o
 .debug_line    0x00000f0c      0x338 ./src/uart.o
 .debug_line    0x00001244      0x3d7 C:\LEMIA\PROJECTS\BRUITEUR_SDP\MCU\CMSISv2p00_LPC11xx\Debug\libCMSISv2p00_LPC11xx.a(system_LPC11xx.o)

.debug_loc      0x00000000     0x1e50
 .debug_loc     0x00000000      0x76e ./src/MemoryFileSystem.o
 .debug_loc     0x0000076e      0x74c ./src/SPI_W25Qxx.o
 .debug_loc     0x00000eba      0x1cd ./src/SpiDac.o
 .debug_loc     0x00001087      0x2e1 ./src/cr_startup_lpc11.o
 .debug_loc     0x00001368      0x4af ./src/main.o
 .debug_loc     0x00001817      0x55c ./src/uart.o
 .debug_loc     0x00001d73       0xdd C:\LEMIA\PROJECTS\BRUITEUR_SDP\MCU\CMSISv2p00_LPC11xx\Debug\libCMSISv2p00_LPC11xx.a(system_LPC11xx.o)

.debug_pubnames
                0x00000000      0x6dd
 .debug_pubnames
                0x00000000      0x171 ./src/MemoryFileSystem.o
 .debug_pubnames
                0x00000171      0x240 ./src/SPI_W25Qxx.o
 .debug_pubnames
                0x000003b1      0x14d ./src/SpiDac.o
 .debug_pubnames
                0x000004fe       0xbe ./src/cr_startup_lpc11.o
 .debug_pubnames
                0x000005bc       0xd2 ./src/uart.o
 .debug_pubnames
                0x0000068e       0x4f C:\LEMIA\PROJECTS\BRUITEUR_SDP\MCU\CMSISv2p00_LPC11xx\Debug\libCMSISv2p00_LPC11xx.a(system_LPC11xx.o)

.debug_pubtypes
                0x00000000      0x27a
 .debug_pubtypes
                0x00000000       0x6d ./src/MemoryFileSystem.o
 .debug_pubtypes
                0x0000006d       0x75 ./src/SPI_W25Qxx.o
 .debug_pubtypes
                0x000000e2       0xae ./src/SpiDac.o
 .debug_pubtypes
                0x00000190       0x12 ./src/cr_startup_lpc11.o
 .debug_pubtypes
                0x000001a2       0xa2 ./src/uart.o
 .debug_pubtypes
                0x00000244       0x36 C:\LEMIA\PROJECTS\BRUITEUR_SDP\MCU\CMSISv2p00_LPC11xx\Debug\libCMSISv2p00_LPC11xx.a(system_LPC11xx.o)

.debug_aranges  0x00000000      0x300
 .debug_aranges
                0x00000000       0x70 ./src/MemoryFileSystem.o
 .debug_aranges
                0x00000070       0xd8 ./src/SPI_W25Qxx.o
 .debug_aranges
                0x00000148       0x50 ./src/SpiDac.o
 .debug_aranges
                0x00000198       0x60 ./src/cr_startup_lpc11.o
 .debug_aranges
                0x000001f8       0x70 ./src/main.o
 .debug_aranges
                0x00000268       0x70 ./src/uart.o
 .debug_aranges
                0x000002d8       0x28 C:\LEMIA\PROJECTS\BRUITEUR_SDP\MCU\CMSISv2p00_LPC11xx\Debug\libCMSISv2p00_LPC11xx.a(system_LPC11xx.o)

.debug_ranges   0x00000000      0x290
 .debug_ranges  0x00000000       0x60 ./src/MemoryFileSystem.o
 .debug_ranges  0x00000060       0xc8 ./src/SPI_W25Qxx.o
 .debug_ranges  0x00000128       0x40 ./src/SpiDac.o
 .debug_ranges  0x00000168       0x50 ./src/cr_startup_lpc11.o
 .debug_ranges  0x000001b8       0x60 ./src/main.o
 .debug_ranges  0x00000218       0x60 ./src/uart.o
 .debug_ranges  0x00000278       0x18 C:\LEMIA\PROJECTS\BRUITEUR_SDP\MCU\CMSISv2p00_LPC11xx\Debug\libCMSISv2p00_LPC11xx.a(system_LPC11xx.o)

.debug_str      0x00000000     0x151e
 .debug_str     0x00000000      0x3b4 ./src/MemoryFileSystem.o
                                0x3f1 (size before relaxing)
 .debug_str     0x000003b4      0x648 ./src/SPI_W25Qxx.o
                                0x77e (size before relaxing)
 .debug_str     0x000009fc      0x30c ./src/SpiDac.o
                                0x82e (size before relaxing)
 .debug_str     0x00000d08      0x12e ./src/cr_startup_lpc11.o
                                0x1f8 (size before relaxing)
 .debug_str     0x00000e36      0x462 ./src/main.o
                                0xd39 (size before relaxing)
 .debug_str     0x00001298      0x203 ./src/uart.o
                                0x959 (size before relaxing)
 .debug_str     0x0000149b       0x83 C:\LEMIA\PROJECTS\BRUITEUR_SDP\MCU\CMSISv2p00_LPC11xx\Debug\libCMSISv2p00_LPC11xx.a(system_LPC11xx.o)
                                0x39e (size before relaxing)

.comment        0x00000000       0x9a
 .comment       0x00000000       0x2a ./src/MemoryFileSystem.o
                                 0x2b (size before relaxing)
 .comment       0x00000000       0x2b ./src/SPI_W25Qxx.o
 .comment       0x00000000       0x2b ./src/SpiDac.o
 .comment       0x00000000       0x2b ./src/cr_startup_lpc11.o
 .comment       0x0000002a       0x70 ./src/main.o
                                 0x71 (size before relaxing)
 .comment       0x00000000       0x2b ./src/uart.o
 .comment       0x00000000       0x2b C:\LEMIA\PROJECTS\BRUITEUR_SDP\MCU\CMSISv2p00_LPC11xx\Debug\libCMSISv2p00_LPC11xx.a(system_LPC11xx.o)
 .comment       0x00000000       0x71 c:/nxp/lpcxpresso_7.2.0_153/lpcxpresso/tools/bin/../lib/gcc/arm-none-eabi/4.8.3/../../../../arm-none-eabi/lib/armv6-m\libcr_c.a(memcpy.o)
 .comment       0x00000000       0x71 c:/nxp/lpcxpresso_7.2.0_153/lpcxpresso/tools/bin/../lib/gcc/arm-none-eabi/4.8.3/../../../../arm-none-eabi/lib/armv6-m\libcr_c.a(__weak__main.o)

.ARM.attributes
                0x00000000       0x31
 .ARM.attributes
                0x00000000       0x33 ./src/MemoryFileSystem.o
 .ARM.attributes
                0x00000033       0x33 ./src/SPI_W25Qxx.o
 .ARM.attributes
                0x00000066       0x33 ./src/SpiDac.o
 .ARM.attributes
                0x00000099       0x33 ./src/cr_startup_lpc11.o
 .ARM.attributes
                0x000000cc       0x31 ./src/main.o
 .ARM.attributes
                0x000000fd       0x33 ./src/uart.o
 .ARM.attributes
                0x00000130       0x33 C:\LEMIA\PROJECTS\BRUITEUR_SDP\MCU\CMSISv2p00_LPC11xx\Debug\libCMSISv2p00_LPC11xx.a(system_LPC11xx.o)
 .ARM.attributes
                0x00000163       0x31 c:/nxp/lpcxpresso_7.2.0_153/lpcxpresso/tools/bin/../lib/gcc/arm-none-eabi/4.8.3/../../../../arm-none-eabi/lib/armv6-m\libcr_c.a(memcpy.o)
 .ARM.attributes
                0x00000194       0x31 c:/nxp/lpcxpresso_7.2.0_153/lpcxpresso/tools/bin/../lib/gcc/arm-none-eabi/4.8.3/../../../../arm-none-eabi/lib/armv6-m\libcr_c.a(__weak__main.o)
 .ARM.attributes
                0x000001c5       0x21 c:/nxp/lpcxpresso_7.2.0_153/lpcxpresso/tools/bin/../lib/gcc/arm-none-eabi/4.8.3/armv6-m\libcr_eabihelpers.a(division_32.o)
 .ARM.attributes
                0x000001e6       0x21 c:/nxp/lpcxpresso_7.2.0_153/lpcxpresso/tools/bin/../lib/gcc/arm-none-eabi/4.8.3/armv6-m\libcr_eabihelpers.a(division_idiv0.o)
 .ARM.attributes
                0x00000207       0x21 c:/nxp/lpcxpresso_7.2.0_153/lpcxpresso/tools/bin/../lib/gcc/arm-none-eabi/4.8.3/armv6-m\libcr_eabihelpers.a(memcpy.o)
 .ARM.attributes
                0x00000228       0x21 c:/nxp/lpcxpresso_7.2.0_153/lpcxpresso/tools/bin/../lib/gcc/arm-none-eabi/4.8.3/armv6-m\libcr_eabihelpers.a(thumb1_switch_helpers.o)

.debug_frame    0x00000000      0x7b8
 .debug_frame   0x00000000      0x15c ./src/MemoryFileSystem.o
 .debug_frame   0x0000015c      0x264 ./src/SPI_W25Qxx.o
 .debug_frame   0x000003c0       0xb8 ./src/SpiDac.o
 .debug_frame   0x00000478       0xe8 ./src/cr_startup_lpc11.o
 .debug_frame   0x00000560      0x100 ./src/main.o
 .debug_frame   0x00000660      0x114 ./src/uart.o
 .debug_frame   0x00000774       0x44 C:\LEMIA\PROJECTS\BRUITEUR_SDP\MCU\CMSISv2p00_LPC11xx\Debug\libCMSISv2p00_LPC11xx.a(system_LPC11xx.o)

.debug_macinfo  0x00000000     0x4a4c
 .debug_macinfo
                0x00000000     0x4a4c C:\LEMIA\PROJECTS\BRUITEUR_SDP\MCU\CMSISv2p00_LPC11xx\Debug\libCMSISv2p00_LPC11xx.a(system_LPC11xx.o)
